2026-06-15 10:44:02 | INFO     | client.transfer          | Plik 'plik.txt' został zapisany pomyślnie w '/private/var/folders/jn/s2d2s3t139z0ty4w4nk579l80000gn/T/tmp34j3hx3x/out.txt'
2026-06-15 10:44:02 | INFO     | client.transfer          | Przygotowano plik 'dokument.txt' do wysłania | rozmiar: 16507B, fragmenty: 3, checksum: 3de43572...
2026-06-15 10:44:02 | ERROR    | client.transfer          | Niedozwolone rozszerzenie pliku: '.exe'. Dozwolone: {'.png', '.pdf', '.docx', '.jpg', '.txt'}
2026-06-15 10:44:02 | ERROR    | client.transfer          | Plik '/var/folders/jn/s2d2s3t139z0ty4w4nk579l80000gn/T/tmp1x5_qema/nie_ma.txt' nie istnieje.
2026-06-15 10:44:16 | INFO     | client.transfer          | Plik 'plik.txt' został zapisany pomyślnie w '/private/var/folders/jn/s2d2s3t139z0ty4w4nk579l80000gn/T/tmp6xtw7_v8/out.txt'
2026-06-15 10:44:16 | INFO     | client.transfer          | Przygotowano plik 'dokument.txt' do wysłania | rozmiar: 16507B, fragmenty: 3, checksum: 3de43572...
2026-06-15 10:44:16 | ERROR    | client.transfer          | Niedozwolone rozszerzenie pliku: '.exe'. Dozwolone: {'.docx', '.png', '.txt', '.pdf', '.jpg'}
2026-06-15 10:44:16 | ERROR    | client.transfer          | Plik '/var/folders/jn/s2d2s3t139z0ty4w4nk579l80000gn/T/tmpn5i3ve38/nie_ma.txt' nie istnieje.
2026-06-15 10:56:43 | INFO     | client.main              | Nawiązywanie połączenia TLS z 127.0.0.1:9999...
2026-06-15 10:56:43 | DEBUG    | client.main              | Wątek odbiorcy uruchomiony.
2026-06-15 10:56:43 | INFO     | client.main              | Połączenie sieciowe nawiązane. Rozpoczynanie uścisku dłoni (HELLO)...
2026-06-15 10:56:43 | DEBUG    | client.protocol          | → HELLO | msg_id=f904d456...
2026-06-15 10:56:43 | DEBUG    | client.protocol          | ← ACK | msg_id=336ac014...
2026-06-15 10:56:43 | DEBUG    | client.main              | Stan klienta: DISCONNECTED → CONNECTED
2026-06-15 10:56:43 | INFO     | client.main              | Uścisk dłoni (HELLO) zakończony pomyślnie.
2026-06-15 10:56:43 | INFO     | client.main              | Logowanie użytkownika 'alice'...
2026-06-15 10:56:43 | DEBUG    | client.protocol          | → AUTH | msg_id=e94d797b...
2026-06-15 10:56:43 | DEBUG    | client.protocol          | ← AUTH_OK | msg_id=da9b0560...
2026-06-15 10:56:43 | DEBUG    | client.main              | Stan klienta: CONNECTED → AUTHENTICATED
2026-06-15 10:56:43 | INFO     | client.main              | Zalogowano pomyślnie! ID sesji: qWYKGEOCznIK...
2026-06-15 10:56:43 | DEBUG    | client.main              | Wątek keep-alive uruchomiony.
2026-06-15 10:57:13 | DEBUG    | client.main              | Wysyłanie PING...
2026-06-15 10:57:13 | DEBUG    | client.protocol          | → PING | msg_id=67fed889...
2026-06-15 10:57:13 | DEBUG    | client.protocol          | ← PONG | msg_id=d87517bb...
2026-06-15 10:57:13 | DEBUG    | client.main              | Odebrano PONG (Keep-alive).
2026-06-15 10:57:43 | DEBUG    | client.main              | Wysyłanie PING...
2026-06-15 10:57:43 | DEBUG    | client.protocol          | → PING | msg_id=a662df53...
2026-06-15 10:57:43 | DEBUG    | client.protocol          | ← PONG | msg_id=9a4284e0...
2026-06-15 10:57:43 | DEBUG    | client.main              | Odebrano PONG (Keep-alive).
2026-06-15 10:58:13 | DEBUG    | client.main              | Wysyłanie PING...
2026-06-15 10:58:13 | DEBUG    | client.protocol          | → PING | msg_id=641a2a22...
2026-06-15 10:58:13 | DEBUG    | client.protocol          | ← PONG | msg_id=05b1a9d8...
2026-06-15 10:58:13 | DEBUG    | client.main              | Odebrano PONG (Keep-alive).
2026-06-15 10:58:43 | DEBUG    | client.main              | Wysyłanie PING...
2026-06-15 10:58:43 | DEBUG    | client.protocol          | → PING | msg_id=dfb95137...
2026-06-15 10:58:43 | DEBUG    | client.protocol          | ← PONG | msg_id=e1ae6e68...
2026-06-15 10:58:43 | DEBUG    | client.main              | Odebrano PONG (Keep-alive).
2026-06-15 10:58:54 | INFO     | client.transfer          | Przygotowano plik 'notatka.txt' do wysłania | rozmiar: 34B, fragmenty: 1, checksum: 6b9564b6...
2026-06-15 10:58:54 | DEBUG    | client.main              | Stan klienta: AUTHENTICATED → TRANSFERRING
2026-06-15 10:58:54 | INFO     | client.main              | Inicjowanie wysyłania pliku 'notatka.txt' (34B)...
2026-06-15 10:58:54 | DEBUG    | client.protocol          | → UPLOAD_START | msg_id=deb215ae...
2026-06-15 10:58:54 | DEBUG    | client.protocol          | ← ACK | msg_id=2f5c2f5a...
2026-06-15 10:58:54 | INFO     | client.main              | Wysyłanie fragmentu 1/1...
2026-06-15 10:58:54 | DEBUG    | client.protocol          | → UPLOAD_CHUNK | msg_id=64f720be...
2026-06-15 10:58:54 | DEBUG    | client.protocol          | ← ACK | msg_id=c191de6e...
2026-06-15 10:58:54 | INFO     | client.main              | Finalizowanie wysyłania pliku na serwerze...
2026-06-15 10:58:54 | DEBUG    | client.protocol          | → UPLOAD_END | msg_id=0ee6b901...
2026-06-15 10:58:54 | DEBUG    | client.protocol          | ← ACK | msg_id=d87c424f...
2026-06-15 10:58:54 | INFO     | client.main              | Wysyłanie pliku 'notatka.txt' zakończone pomyślnie!
2026-06-15 10:58:54 | DEBUG    | client.main              | Stan klienta: TRANSFERRING → AUTHENTICATED
2026-06-15 10:59:13 | DEBUG    | client.main              | Stan klienta: AUTHENTICATED → TRANSFERRING
2026-06-15 10:59:13 | INFO     | client.main              | Wysyłanie żądania pobrania pliku 'nottka.txt'...
2026-06-15 10:59:13 | DEBUG    | client.protocol          | → DOWNLOAD_REQUEST | msg_id=58d6e917...
2026-06-15 10:59:13 | DEBUG    | client.protocol          | ← ERROR | msg_id=a733ae48...
2026-06-15 10:59:13 | WARNING  | client.main              | Otrzymano nieoczekiwaną wiadomość typu ERROR (brak oczekującego żądania).
2026-06-15 10:59:13 | DEBUG    | client.main              | Wątek keep-alive zakończony.
2026-06-15 10:59:18 | WARNING  | client.main              | Brak odpowiedzi na DOWNLOAD_REQUEST (próba 1/3). Ponawianie za chwilę...
2026-06-15 10:59:18 | DEBUG    | client.protocol          | → DOWNLOAD_REQUEST | msg_id=94090c0b...
2026-06-15 10:59:18 | DEBUG    | client.protocol          | ← ERROR | msg_id=44edc51b...
2026-06-15 10:59:18 | WARNING  | client.main              | Otrzymano nieoczekiwaną wiadomość typu ERROR (brak oczekującego żądania).
2026-06-15 10:59:23 | WARNING  | client.main              | Brak odpowiedzi na DOWNLOAD_REQUEST (próba 2/3). Ponawianie za chwilę...
2026-06-15 10:59:23 | DEBUG    | client.protocol          | → DOWNLOAD_REQUEST | msg_id=3f7a77e6...
2026-06-15 10:59:23 | DEBUG    | client.protocol          | ← ERROR | msg_id=0b848d79...
2026-06-15 10:59:23 | WARNING  | client.main              | Otrzymano nieoczekiwaną wiadomość typu ERROR (brak oczekującego żądania).
2026-06-15 10:59:28 | WARNING  | client.main              | Brak odpowiedzi na DOWNLOAD_REQUEST (próba 3/3). Ponawianie za chwilę...
2026-06-15 10:59:28 | ERROR    | client.main              | Brak odpowiedzi od serwera po maksymalnej liczbie prób. Rozłączanie.
2026-06-15 10:59:28 | DEBUG    | client.main              | Stan klienta: TRANSFERRING → CLOSED
2026-06-15 10:59:28 | DEBUG    | client.main              | Stan klienta: CLOSED → DISCONNECTED
2026-06-15 10:59:28 | INFO     | client.main              | Rozłączono z serwerem.
2026-06-15 10:59:28 | DEBUG    | client.main              | Stan klienta: DISCONNECTED → AUTHENTICATED
2026-06-15 10:59:28 | DEBUG    | client.main              | Wątek odbiorcy zakończony.
2026-06-15 10:59:50 | DEBUG    | client.main              | Stan klienta: AUTHENTICATED → TRANSFERRING
2026-06-15 10:59:50 | INFO     | client.main              | Wysyłanie żądania pobrania pliku 'notatka.txt'...
2026-06-15 10:59:50 | DEBUG    | client.main              | Stan klienta: TRANSFERRING → AUTHENTICATED
2026-06-15 10:59:59 | INFO     | client.main              | Wylogowywanie (wysyłanie BYE)...
2026-06-15 10:59:59 | DEBUG    | client.main              | Stan klienta: AUTHENTICATED → CLOSED
2026-06-15 10:59:59 | DEBUG    | client.main              | Stan klienta: CLOSED → DISCONNECTED
2026-06-15 10:59:59 | INFO     | client.main              | Rozłączono z serwerem.
2026-06-15 11:15:50 | INFO     | client.transfer          | Plik 'plik.txt' został zapisany pomyślnie w '/private/var/folders/jn/s2d2s3t139z0ty4w4nk579l80000gn/T/tmptety55b2/out.txt'
2026-06-15 11:15:50 | INFO     | client.transfer          | Przygotowano plik 'dokument.txt' do wysłania | rozmiar: 16507B, fragmenty: 3, checksum: 3de43572...
2026-06-15 11:15:50 | ERROR    | client.transfer          | Niedozwolone rozszerzenie pliku: '.exe'. Dozwolone: {'.txt', '.jpg', '.docx', '.pdf', '.png'}
2026-06-15 11:15:50 | ERROR    | client.transfer          | Plik '/var/folders/jn/s2d2s3t139z0ty4w4nk579l80000gn/T/tmpwjkw0mvg/nie_ma.txt' nie istnieje.
2026-06-15 11:16:31 | INFO     | client.main              | Nawiązywanie połączenia TLS z 127.0.0.1:9999...
2026-06-15 11:16:31 | DEBUG    | client.main              | Wątek odbiorcy uruchomiony.
2026-06-15 11:16:31 | INFO     | client.main              | Połączenie sieciowe nawiązane. Rozpoczynanie uścisku dłoni (HELLO)...
2026-06-15 11:16:31 | DEBUG    | client.protocol          | → HELLO | msg_id=e0364a35...
2026-06-15 11:16:31 | DEBUG    | client.protocol          | ← ACK | msg_id=4ed02876...
2026-06-15 11:16:31 | DEBUG    | client.main              | Stan klienta: DISCONNECTED → CONNECTED
2026-06-15 11:16:31 | INFO     | client.main              | Uścisk dłoni (HELLO) zakończony pomyślnie.
2026-06-15 11:16:31 | INFO     | client.main              | Logowanie użytkownika 'alice'...
2026-06-15 11:16:31 | DEBUG    | client.protocol          | → AUTH | msg_id=590f8a3e...
2026-06-15 11:16:31 | DEBUG    | client.protocol          | ← AUTH_OK | msg_id=7e33b642...
2026-06-15 11:16:31 | DEBUG    | client.main              | Stan klienta: CONNECTED → AUTHENTICATED
2026-06-15 11:16:31 | INFO     | client.main              | Zalogowano pomyślnie! ID sesji: CvWOieKBjzzV...
2026-06-15 11:16:31 | DEBUG    | client.main              | Wątek keep-alive uruchomiony.
2026-06-15 11:16:31 | DEBUG    | client.main              | Stan klienta: AUTHENTICATED → TRANSFERRING
2026-06-15 11:16:31 | INFO     | client.main              | Wysyłanie żądania pobrania pliku 'nottka.txt'...
2026-06-15 11:16:31 | DEBUG    | client.protocol          | → DOWNLOAD_REQUEST | msg_id=6a28f0c1...
2026-06-15 11:16:31 | DEBUG    | client.protocol          | ← ERROR | msg_id=8ee37551...
2026-06-15 11:16:31 | ERROR    | client.main              | Serwer zwrócił błąd 100: Plik 'nottka.txt' nie istnieje na serwerze
2026-06-15 11:16:31 | DEBUG    | client.main              | Stan klienta: TRANSFERRING → AUTHENTICATED
2026-06-15 11:16:31 | DEBUG    | client.main              | Stan klienta: AUTHENTICATED → TRANSFERRING
2026-06-15 11:16:31 | INFO     | client.main              | Wysyłanie żądania pobrania pliku 'notatka.txt'...
2026-06-15 11:16:31 | DEBUG    | client.protocol          | → DOWNLOAD_REQUEST | msg_id=3eb4bef3...
2026-06-15 11:16:31 | DEBUG    | client.protocol          | ← DOWNLOAD_CHUNK | msg_id=900a8d11...
2026-06-15 11:16:31 | DEBUG    | client.protocol          | → ACK | msg_id=611d0967...
2026-06-15 11:16:31 | INFO     | client.main              | Oczekiwanie na pobranie wszystkich fragmentów pliku...
2026-06-15 11:16:31 | INFO     | client.transfer          | Plik 'notatka.txt' został zapisany pomyślnie w '/private/tmp/e2e_good.txt'
2026-06-15 11:16:31 | INFO     | client.main              | Pobieranie pliku 'notatka.txt' zakończone pomyślnie!
2026-06-15 11:16:31 | DEBUG    | client.main              | Stan klienta: TRANSFERRING → AUTHENTICATED
2026-06-15 11:16:31 | INFO     | client.main              | Wylogowywanie (wysyłanie BYE)...
2026-06-15 11:16:31 | DEBUG    | client.protocol          | → BYE | msg_id=2957b854...
2026-06-15 11:16:31 | DEBUG    | client.protocol          | ← ACK | msg_id=cd7abd4a...
2026-06-15 11:16:31 | DEBUG    | client.main              | Stan klienta: AUTHENTICATED → CLOSED
2026-06-15 11:16:31 | DEBUG    | client.main              | Wątek odbiorcy zakończony.
2026-06-15 11:16:31 | DEBUG    | client.main              | Stan klienta: CLOSED → DISCONNECTED
2026-06-15 11:16:31 | INFO     | client.main              | Rozłączono z serwerem.
2026-06-15 11:19:50 | INFO     | client.transfer          | Plik 'plik.txt' został zapisany pomyślnie w '/private/var/folders/jn/s2d2s3t139z0ty4w4nk579l80000gn/T/tmpvv1oo0gg/out.txt'
2026-06-15 11:19:50 | INFO     | client.transfer          | Przygotowano plik 'dokument.txt' do wysłania | rozmiar: 16507B, fragmenty: 3, checksum: 3de43572...
2026-06-15 11:19:50 | ERROR    | client.transfer          | Niedozwolone rozszerzenie pliku: '.exe'. Dozwolone: {'.txt', '.pdf', '.jpg', '.docx', '.png'}
2026-06-15 11:19:50 | ERROR    | client.transfer          | Plik '/var/folders/jn/s2d2s3t139z0ty4w4nk579l80000gn/T/tmpbt_r7bfz/nie_ma.txt' nie istnieje.
2026-06-15 11:20:04 | INFO     | client.main              | Nawiązywanie połączenia TLS z 127.0.0.1:9999...
2026-06-15 11:20:04 | DEBUG    | client.main              | Wątek odbiorcy uruchomiony.
2026-06-15 11:20:04 | INFO     | client.main              | Połączenie sieciowe nawiązane. Rozpoczynanie uścisku dłoni (HELLO)...
2026-06-15 11:20:04 | DEBUG    | client.protocol          | → HELLO | msg_id=47d72171...
2026-06-15 11:20:04 | DEBUG    | client.protocol          | ← ACK | msg_id=315e0c7f...
2026-06-15 11:20:04 | DEBUG    | client.main              | Stan klienta: DISCONNECTED → CONNECTED
2026-06-15 11:20:04 | INFO     | client.main              | Uścisk dłoni (HELLO) zakończony pomyślnie.
2026-06-15 11:20:04 | INFO     | client.main              | Logowanie użytkownika 'alice'...
2026-06-15 11:20:04 | DEBUG    | client.protocol          | → AUTH | msg_id=bc3ab327...
2026-06-15 11:20:04 | DEBUG    | client.protocol          | ← AUTH_OK | msg_id=abfd1794...
2026-06-15 11:20:04 | DEBUG    | client.main              | Stan klienta: CONNECTED → AUTHENTICATED
2026-06-15 11:20:04 | INFO     | client.main              | Zalogowano pomyślnie! ID sesji: ewLtGonmFyvy...
2026-06-15 11:20:04 | DEBUG    | client.main              | Wątek keep-alive uruchomiony.
2026-06-15 11:20:04 | DEBUG    | client.protocol          | → LIST_REQUEST | msg_id=cdd45911...
2026-06-15 11:20:04 | DEBUG    | client.protocol          | ← LIST_RESPONSE | msg_id=33b343c0...
2026-06-15 11:20:04 | INFO     | client.main              | Wylogowywanie (wysyłanie BYE)...
2026-06-15 11:20:04 | DEBUG    | client.protocol          | → BYE | msg_id=717bd021...
2026-06-15 11:20:04 | DEBUG    | client.protocol          | ← ACK | msg_id=8666369c...
2026-06-15 11:20:04 | DEBUG    | client.main              | Stan klienta: AUTHENTICATED → CLOSED
2026-06-15 11:20:04 | DEBUG    | client.main              | Stan klienta: CLOSED → DISCONNECTED
2026-06-15 11:20:04 | DEBUG    | client.main              | Wątek odbiorcy zakończony.
2026-06-15 11:20:04 | INFO     | client.main              | Rozłączono z serwerem.
2026-06-15 11:36:26 | INFO     | client.main              | Nawiązywanie połączenia TLS z 127.0.0.1:9999...
2026-06-15 11:36:27 | DEBUG    | client.main              | Wątek odbiorcy uruchomiony.
2026-06-15 11:36:27 | INFO     | client.main              | Połączenie sieciowe nawiązane. Rozpoczynanie uścisku dłoni (HELLO)...
2026-06-15 11:36:27 | DEBUG    | client.protocol          | → HELLO | msg_id=9b154ba5...
2026-06-15 11:36:27 | DEBUG    | client.protocol          | ← ACK | msg_id=d20db628...
2026-06-15 11:36:27 | DEBUG    | client.main              | Stan klienta: DISCONNECTED → CONNECTED
2026-06-15 11:36:27 | INFO     | client.main              | Uścisk dłoni (HELLO) zakończony pomyślnie.
2026-06-15 11:36:27 | INFO     | client.main              | Logowanie użytkownika 'alice'...
2026-06-15 11:36:27 | DEBUG    | client.protocol          | → AUTH | msg_id=e8c27f20...
2026-06-15 11:36:27 | DEBUG    | client.protocol          | ← AUTH_OK | msg_id=742d718d...
2026-06-15 11:36:27 | DEBUG    | client.main              | Stan klienta: CONNECTED → AUTHENTICATED
2026-06-15 11:36:27 | INFO     | client.main              | Zalogowano pomyślnie! ID sesji: SO71FpLz8w6k...
2026-06-15 11:36:27 | DEBUG    | client.main              | Wątek keep-alive uruchomiony.
2026-06-15 11:36:57 | DEBUG    | client.main              | Wysyłanie PING...
2026-06-15 11:36:57 | DEBUG    | client.protocol          | → PING | msg_id=a6e68387...
2026-06-15 11:36:57 | DEBUG    | client.protocol          | ← PONG | msg_id=39865fad...
2026-06-15 11:36:57 | DEBUG    | client.main              | Odebrano PONG (Keep-alive).
2026-06-15 11:37:27 | DEBUG    | client.main              | Wysyłanie PING...
2026-06-15 11:37:27 | DEBUG    | client.protocol          | → PING | msg_id=b1638276...
2026-06-15 11:37:27 | DEBUG    | client.protocol          | ← PONG | msg_id=532e9678...
2026-06-15 11:37:27 | DEBUG    | client.main              | Odebrano PONG (Keep-alive).
2026-06-15 11:37:48 | ERROR    | client.transfer          | Plik 'eg' nie istnieje.
2026-06-15 11:37:57 | INFO     | client.transfer          | Przygotowano plik 'przykladowy.txt' do wysłania | rozmiar: 17B, fragmenty: 1, checksum: 3db430db...
2026-06-15 11:37:57 | DEBUG    | client.main              | Stan klienta: AUTHENTICATED → TRANSFERRING
2026-06-15 11:37:57 | INFO     | client.main              | Inicjowanie wysyłania pliku 'przykladowy.txt' (17B)...
2026-06-15 11:37:57 | DEBUG    | client.protocol          | → UPLOAD_START | msg_id=af3c6745...
2026-06-15 11:37:57 | DEBUG    | client.protocol          | ← ACK | msg_id=89b50c49...
2026-06-15 11:37:57 | INFO     | client.main              | Wysyłanie fragmentu 1/1...
2026-06-15 11:37:57 | DEBUG    | client.protocol          | → UPLOAD_CHUNK | msg_id=1a9db1f7...
2026-06-15 11:37:57 | DEBUG    | client.protocol          | ← ACK | msg_id=d6cced3a...
2026-06-15 11:37:57 | INFO     | client.main              | Finalizowanie wysyłania pliku na serwerze...
2026-06-15 11:37:57 | DEBUG    | client.protocol          | → UPLOAD_END | msg_id=68b8099c...
2026-06-15 11:37:57 | DEBUG    | client.protocol          | ← ACK | msg_id=129897c9...
2026-06-15 11:37:57 | INFO     | client.main              | Wysyłanie pliku 'przykladowy.txt' zakończone pomyślnie!
2026-06-15 11:37:57 | DEBUG    | client.main              | Stan klienta: TRANSFERRING → AUTHENTICATED
2026-06-15 11:37:57 | DEBUG    | client.main              | Wysyłanie PING...
2026-06-15 11:37:57 | DEBUG    | client.protocol          | → PING | msg_id=a66ea50c...
2026-06-15 11:37:57 | DEBUG    | client.protocol          | ← PONG | msg_id=5c0ab150...
2026-06-15 11:37:57 | DEBUG    | client.main              | Odebrano PONG (Keep-alive).
2026-06-15 11:38:02 | DEBUG    | client.protocol          | → LIST_REQUEST | msg_id=bb9705dc...
2026-06-15 11:38:02 | DEBUG    | client.protocol          | ← LIST_RESPONSE | msg_id=4a69712b...
2026-06-15 11:38:16 | DEBUG    | client.main              | Stan klienta: AUTHENTICATED → TRANSFERRING
2026-06-15 11:38:16 | INFO     | client.main              | Wysyłanie żądania pobrania pliku 'przykladowy.txt'...
2026-06-15 11:38:16 | DEBUG    | client.protocol          | → DOWNLOAD_REQUEST | msg_id=f7965104...
2026-06-15 11:38:16 | DEBUG    | client.protocol          | ← DOWNLOAD_CHUNK | msg_id=99080ded...
2026-06-15 11:38:16 | DEBUG    | client.protocol          | → ACK | msg_id=cad9f7ad...
2026-06-15 11:38:16 | INFO     | client.main              | Oczekiwanie na pobranie wszystkich fragmentów pliku...
2026-06-15 11:38:16 | INFO     | client.transfer          | Plik 'przykladowy.txt' został zapisany pomyślnie w '/Users/bartek/Desktop/SecureShare/papapapa.txt'
2026-06-15 11:38:16 | INFO     | client.main              | Pobieranie pliku 'przykladowy.txt' zakończone pomyślnie!
2026-06-15 11:38:16 | DEBUG    | client.main              | Stan klienta: TRANSFERRING → AUTHENTICATED
2026-06-15 11:38:27 | DEBUG    | client.main              | Wysyłanie PING...
2026-06-15 11:38:27 | DEBUG    | client.protocol          | → PING | msg_id=45e24cb6...
2026-06-15 11:38:27 | DEBUG    | client.protocol          | ← PONG | msg_id=8bb525f1...
2026-06-15 11:38:27 | DEBUG    | client.main              | Odebrano PONG (Keep-alive).
2026-06-15 11:38:57 | DEBUG    | client.main              | Wysyłanie PING...
2026-06-15 11:38:57 | DEBUG    | client.protocol          | → PING | msg_id=f7bddd84...
2026-06-15 11:38:57 | DEBUG    | client.protocol          | ← PONG | msg_id=86667836...
2026-06-15 11:38:57 | DEBUG    | client.main              | Odebrano PONG (Keep-alive).
2026-06-15 11:39:27 | DEBUG    | client.main              | Wysyłanie PING...
2026-06-15 11:39:27 | DEBUG    | client.protocol          | → PING | msg_id=97b84017...
2026-06-15 11:39:27 | DEBUG    | client.protocol          | ← PONG | msg_id=456428f8...
2026-06-15 11:39:27 | DEBUG    | client.main              | Odebrano PONG (Keep-alive).
2026-06-15 11:39:57 | DEBUG    | client.main              | Wysyłanie PING...
2026-06-15 11:39:57 | DEBUG    | client.protocol          | → PING | msg_id=cf2f5206...
2026-06-15 11:39:57 | DEBUG    | client.protocol          | ← PONG | msg_id=aed5484d...
2026-06-15 11:39:57 | DEBUG    | client.main              | Odebrano PONG (Keep-alive).
2026-06-15 11:40:27 | DEBUG    | client.main              | Wysyłanie PING...
2026-06-15 11:40:27 | DEBUG    | client.protocol          | → PING | msg_id=ae9e981b...
2026-06-15 11:40:27 | DEBUG    | client.protocol          | ← PONG | msg_id=ff52cea7...
2026-06-15 11:40:27 | DEBUG    | client.main              | Odebrano PONG (Keep-alive).
2026-06-15 11:40:57 | DEBUG    | client.main              | Wysyłanie PING...
2026-06-15 11:40:57 | DEBUG    | client.protocol          | → PING | msg_id=1da3e2e9...
2026-06-15 11:40:57 | DEBUG    | client.protocol          | ← PONG | msg_id=5e0a004b...
2026-06-15 11:40:57 | DEBUG    | client.main              | Odebrano PONG (Keep-alive).
2026-06-15 11:41:27 | DEBUG    | client.main              | Wysyłanie PING...
2026-06-15 11:41:27 | DEBUG    | client.protocol          | → PING | msg_id=01ef23aa...
2026-06-15 11:41:27 | DEBUG    | client.protocol          | ← PONG | msg_id=d96e4c9e...
2026-06-15 11:41:27 | DEBUG    | client.main              | Odebrano PONG (Keep-alive).
2026-06-15 11:41:57 | DEBUG    | client.main              | Wysyłanie PING...
2026-06-15 11:41:57 | DEBUG    | client.protocol          | → PING | msg_id=792001b9...
2026-06-15 11:41:57 | DEBUG    | client.protocol          | ← PONG | msg_id=e4d19c21...
2026-06-15 11:41:57 | DEBUG    | client.main              | Odebrano PONG (Keep-alive).
2026-06-15 11:42:27 | DEBUG    | client.main              | Wysyłanie PING...
2026-06-15 11:42:27 | DEBUG    | client.protocol          | → PING | msg_id=66aeb251...
2026-06-15 11:42:27 | DEBUG    | client.protocol          | ← PONG | msg_id=84fcd6af...
2026-06-15 11:42:27 | DEBUG    | client.main              | Odebrano PONG (Keep-alive).
2026-06-15 11:42:57 | DEBUG    | client.main              | Wysyłanie PING...
2026-06-15 11:42:57 | DEBUG    | client.protocol          | → PING | msg_id=7b854054...
2026-06-15 11:42:57 | DEBUG    | client.protocol          | ← PONG | msg_id=cbaba731...
2026-06-15 11:42:57 | DEBUG    | client.main              | Odebrano PONG (Keep-alive).
2026-06-15 11:43:27 | DEBUG    | client.main              | Wysyłanie PING...
2026-06-15 11:43:27 | DEBUG    | client.protocol          | → PING | msg_id=60a5f39e...
2026-06-15 11:43:27 | DEBUG    | client.protocol          | ← PONG | msg_id=4ccedccd...
2026-06-15 11:43:27 | DEBUG    | client.main              | Odebrano PONG (Keep-alive).
2026-06-15 11:43:57 | DEBUG    | client.main              | Wysyłanie PING...
2026-06-15 11:43:57 | DEBUG    | client.protocol          | → PING | msg_id=b73ea424...
2026-06-15 11:43:57 | DEBUG    | client.protocol          | ← PONG | msg_id=bed43d86...
2026-06-15 11:43:57 | DEBUG    | client.main              | Odebrano PONG (Keep-alive).
2026-06-15 11:44:07 | INFO     | client.main              | Nawiązywanie połączenia TLS z 127.0.0.1:9999...
2026-06-15 11:44:07 | DEBUG    | client.main              | Wątek odbiorcy uruchomiony.
2026-06-15 11:44:07 | INFO     | client.main              | Połączenie sieciowe nawiązane. Rozpoczynanie uścisku dłoni (HELLO)...
2026-06-15 11:44:07 | DEBUG    | client.protocol          | → HELLO | msg_id=644c5dc8...
2026-06-15 11:44:07 | DEBUG    | client.protocol          | ← ACK | msg_id=328f2c0f...
2026-06-15 11:44:07 | DEBUG    | client.main              | Stan klienta: DISCONNECTED → CONNECTED
2026-06-15 11:44:07 | INFO     | client.main              | Uścisk dłoni (HELLO) zakończony pomyślnie.
2026-06-15 11:44:07 | INFO     | client.main              | Logowanie użytkownika 'alice'...
2026-06-15 11:44:07 | DEBUG    | client.protocol          | → AUTH | msg_id=e10ae13d...
2026-06-15 11:44:07 | DEBUG    | client.protocol          | ← AUTH_OK | msg_id=06f5b0a5...
2026-06-15 11:44:07 | DEBUG    | client.main              | Stan klienta: CONNECTED → AUTHENTICATED
2026-06-15 11:44:07 | INFO     | client.main              | Zalogowano pomyślnie! ID sesji: 8zzH9nGptp2P...
2026-06-15 11:44:07 | DEBUG    | client.main              | Wątek keep-alive uruchomiony.
2026-06-15 11:44:07 | DEBUG    | client.main              | Stan klienta: AUTHENTICATED → TRANSFERRING
2026-06-15 11:44:07 | INFO     | client.main              | Wysyłanie żądania pobrania pliku 'notatka.txt'...
2026-06-15 11:44:07 | DEBUG    | client.protocol          | → DOWNLOAD_REQUEST | msg_id=f6961c58...
2026-06-15 11:44:07 | DEBUG    | client.protocol          | ← DOWNLOAD_CHUNK | msg_id=a7165867...
2026-06-15 11:44:07 | DEBUG    | client.protocol          | → ACK | msg_id=f8b0d968...
2026-06-15 11:44:07 | INFO     | client.main              | Oczekiwanie na pobranie wszystkich fragmentów pliku...
2026-06-15 11:44:07 | INFO     | client.transfer          | Plik 'notatka.txt' został zapisany pomyślnie w '/Users/bartek/Desktop/zapisane/notatka.txt'
2026-06-15 11:44:07 | INFO     | client.main              | Pobieranie pliku 'notatka.txt' zakończone pomyślnie!
2026-06-15 11:44:07 | DEBUG    | client.main              | Stan klienta: TRANSFERRING → AUTHENTICATED
2026-06-15 11:44:07 | DEBUG    | client.main              | Stan klienta: AUTHENTICATED → TRANSFERRING
2026-06-15 11:44:07 | INFO     | client.main              | Wysyłanie żądania pobrania pliku 'notatka.txt'...
2026-06-15 11:44:07 | DEBUG    | client.protocol          | → DOWNLOAD_REQUEST | msg_id=95f70f04...
2026-06-15 11:44:07 | DEBUG    | client.protocol          | ← DOWNLOAD_CHUNK | msg_id=9bb16911...
2026-06-15 11:44:07 | DEBUG    | client.protocol          | → ACK | msg_id=8db0166d...
2026-06-15 11:44:07 | INFO     | client.main              | Oczekiwanie na pobranie wszystkich fragmentów pliku...
2026-06-15 11:44:07 | INFO     | client.transfer          | Plik 'notatka.txt' został zapisany pomyślnie w '/Users/bartek/Desktop/zapisane/moja_kopia.txt'
2026-06-15 11:44:07 | INFO     | client.main              | Pobieranie pliku 'notatka.txt' zakończone pomyślnie!
2026-06-15 11:44:07 | DEBUG    | client.main              | Stan klienta: TRANSFERRING → AUTHENTICATED
2026-06-15 11:44:07 | INFO     | client.main              | Wylogowywanie (wysyłanie BYE)...
2026-06-15 11:44:07 | DEBUG    | client.protocol          | → BYE | msg_id=6fffa348...
2026-06-15 11:44:07 | DEBUG    | client.protocol          | ← ACK | msg_id=138cb0d7...
2026-06-15 11:44:07 | DEBUG    | client.main              | Stan klienta: AUTHENTICATED → CLOSED
2026-06-15 11:44:07 | DEBUG    | client.main              | Stan klienta: CLOSED → DISCONNECTED
2026-06-15 11:44:07 | DEBUG    | client.main              | Wątek odbiorcy zakończony.
2026-06-15 11:44:07 | INFO     | client.main              | Rozłączono z serwerem.
2026-06-15 11:44:27 | DEBUG    | client.main              | Wysyłanie PING...
2026-06-15 11:44:27 | DEBUG    | client.protocol          | → PING | msg_id=22d56033...
2026-06-15 11:44:27 | DEBUG    | client.protocol          | ← PONG | msg_id=535e1316...
2026-06-15 11:44:27 | DEBUG    | client.main              | Odebrano PONG (Keep-alive).
2026-06-15 11:44:57 | DEBUG    | client.main              | Wysyłanie PING...
2026-06-15 11:44:57 | DEBUG    | client.protocol          | → PING | msg_id=f6650f4a...
2026-06-15 11:44:57 | DEBUG    | client.protocol          | ← PONG | msg_id=25c692a8...
2026-06-15 11:44:57 | DEBUG    | client.main              | Odebrano PONG (Keep-alive).
2026-06-15 11:45:27 | DEBUG    | client.main              | Wysyłanie PING...
2026-06-15 11:45:27 | DEBUG    | client.protocol          | → PING | msg_id=112358b9...
2026-06-15 11:45:27 | DEBUG    | client.protocol          | ← PONG | msg_id=9d370713...
2026-06-15 11:45:27 | DEBUG    | client.main              | Odebrano PONG (Keep-alive).
2026-06-15 11:45:57 | DEBUG    | client.main              | Wysyłanie PING...
2026-06-15 11:45:57 | DEBUG    | client.protocol          | → PING | msg_id=e8186aaa...
2026-06-15 11:45:57 | DEBUG    | client.protocol          | ← PONG | msg_id=c8f1c8b4...
2026-06-15 11:45:57 | DEBUG    | client.main              | Odebrano PONG (Keep-alive).
2026-06-15 11:46:27 | DEBUG    | client.main              | Wysyłanie PING...
2026-06-15 11:46:27 | DEBUG    | client.protocol          | → PING | msg_id=b7c99abf...
2026-06-15 11:46:27 | DEBUG    | client.protocol          | ← PONG | msg_id=3b3bf0be...
2026-06-15 11:46:27 | DEBUG    | client.main              | Odebrano PONG (Keep-alive).
2026-06-15 11:46:57 | DEBUG    | client.main              | Wysyłanie PING...
2026-06-15 11:46:57 | DEBUG    | client.protocol          | → PING | msg_id=03c7ced7...
2026-06-15 11:46:57 | DEBUG    | client.protocol          | ← PONG | msg_id=bdb2e9c6...
2026-06-15 11:46:57 | DEBUG    | client.main              | Odebrano PONG (Keep-alive).
2026-06-15 11:47:27 | DEBUG    | client.main              | Wysyłanie PING...
2026-06-15 11:47:27 | DEBUG    | client.protocol          | → PING | msg_id=72eb7ea7...
2026-06-15 11:47:27 | DEBUG    | client.protocol          | ← PONG | msg_id=abcc8d75...
2026-06-15 11:47:27 | DEBUG    | client.main              | Odebrano PONG (Keep-alive).
2026-06-15 11:47:57 | DEBUG    | client.main              | Wysyłanie PING...
2026-06-15 11:47:57 | DEBUG    | client.protocol          | → PING | msg_id=01e3b2db...
2026-06-15 11:47:57 | DEBUG    | client.protocol          | ← PONG | msg_id=b7ad798f...
2026-06-15 11:47:57 | DEBUG    | client.main              | Odebrano PONG (Keep-alive).
2026-06-15 11:48:27 | DEBUG    | client.main              | Wysyłanie PING...
2026-06-15 11:48:27 | DEBUG    | client.protocol          | → PING | msg_id=f46f5f28...
2026-06-15 11:48:27 | DEBUG    | client.protocol          | ← PONG | msg_id=7f134e38...
2026-06-15 11:48:27 | DEBUG    | client.main              | Odebrano PONG (Keep-alive).
2026-06-15 11:48:57 | DEBUG    | client.main              | Wysyłanie PING...
2026-06-15 11:48:57 | DEBUG    | client.protocol          | → PING | msg_id=e737346a...
2026-06-15 11:48:57 | DEBUG    | client.protocol          | ← PONG | msg_id=27dcd281...
2026-06-15 11:48:57 | DEBUG    | client.main              | Odebrano PONG (Keep-alive).
2026-06-15 11:49:27 | DEBUG    | client.main              | Wysyłanie PING...
2026-06-15 11:49:27 | DEBUG    | client.protocol          | → PING | msg_id=44bfbf18...
2026-06-15 11:49:27 | DEBUG    | client.protocol          | ← PONG | msg_id=18135a2f...
2026-06-15 11:49:27 | DEBUG    | client.main              | Odebrano PONG (Keep-alive).
2026-06-15 11:49:57 | DEBUG    | client.main              | Wysyłanie PING...
2026-06-15 11:49:57 | DEBUG    | client.protocol          | → PING | msg_id=6eb0d675...
2026-06-15 11:49:57 | DEBUG    | client.protocol          | ← PONG | msg_id=d0350918...
2026-06-15 11:49:57 | DEBUG    | client.main              | Odebrano PONG (Keep-alive).
2026-06-15 11:50:27 | DEBUG    | client.main              | Wysyłanie PING...
2026-06-15 11:50:27 | DEBUG    | client.protocol          | → PING | msg_id=20cb3a1b...
2026-06-15 11:50:27 | DEBUG    | client.protocol          | ← PONG | msg_id=1f2b8e7b...
2026-06-15 11:50:27 | DEBUG    | client.main              | Odebrano PONG (Keep-alive).
2026-06-15 11:50:57 | DEBUG    | client.main              | Wysyłanie PING...
2026-06-15 11:50:57 | DEBUG    | client.protocol          | → PING | msg_id=c8222335...
2026-06-15 11:50:57 | DEBUG    | client.protocol          | ← PONG | msg_id=d1923e04...
2026-06-15 11:50:57 | DEBUG    | client.main              | Odebrano PONG (Keep-alive).
2026-06-15 11:51:27 | DEBUG    | client.main              | Wysyłanie PING...
2026-06-15 11:51:27 | DEBUG    | client.protocol          | → PING | msg_id=bc968f72...
2026-06-15 11:51:27 | DEBUG    | client.protocol          | ← PONG | msg_id=b6137175...
2026-06-15 11:51:27 | DEBUG    | client.main              | Odebrano PONG (Keep-alive).
2026-06-15 11:51:57 | DEBUG    | client.main              | Wysyłanie PING...
2026-06-15 11:51:57 | DEBUG    | client.protocol          | → PING | msg_id=2e7e5a8c...
2026-06-15 11:51:57 | DEBUG    | client.protocol          | ← PONG | msg_id=a1ba68a4...
2026-06-15 11:51:57 | DEBUG    | client.main              | Odebrano PONG (Keep-alive).
2026-06-15 11:52:27 | DEBUG    | client.main              | Wysyłanie PING...
2026-06-15 11:52:27 | DEBUG    | client.protocol          | → PING | msg_id=6bed6dd5...
2026-06-15 11:52:27 | DEBUG    | client.protocol          | ← PONG | msg_id=9c5ff65a...
2026-06-15 11:52:27 | DEBUG    | client.main              | Odebrano PONG (Keep-alive).
2026-06-15 11:52:44 | ERROR    | client.transfer          | Plik '/Users/bartek/ktop/Do_wyslania/dow.txt' nie istnieje.
2026-06-15 11:52:57 | DEBUG    | client.main              | Wysyłanie PING...
2026-06-15 11:52:57 | DEBUG    | client.protocol          | → PING | msg_id=657961b4...
2026-06-15 11:52:57 | DEBUG    | client.protocol          | ← PONG | msg_id=afaa5cc3...
2026-06-15 11:52:57 | DEBUG    | client.main              | Odebrano PONG (Keep-alive).
2026-06-15 11:53:22 | DEBUG    | client.protocol          | → LIST_REQUEST | msg_id=fa1e3dc6...
2026-06-15 11:53:22 | DEBUG    | client.protocol          | ← LIST_RESPONSE | msg_id=6493b8cb...
2026-06-15 11:53:27 | DEBUG    | client.main              | Wysyłanie PING...
2026-06-15 11:53:27 | DEBUG    | client.protocol          | → PING | msg_id=32a02c18...
2026-06-15 11:53:27 | DEBUG    | client.protocol          | ← PONG | msg_id=9362e55f...
2026-06-15 11:53:27 | DEBUG    | client.main              | Odebrano PONG (Keep-alive).
2026-06-15 11:53:29 | DEBUG    | client.main              | Stan klienta: AUTHENTICATED → TRANSFERRING
2026-06-15 11:53:29 | INFO     | client.main              | Wysyłanie żądania pobrania pliku '1'...
2026-06-15 11:53:29 | DEBUG    | client.protocol          | → DOWNLOAD_REQUEST | msg_id=80dba902...
2026-06-15 11:53:29 | DEBUG    | client.protocol          | ← ERROR | msg_id=7b721e9d...
2026-06-15 11:53:29 | ERROR    | client.main              | Serwer zwrócił błąd 100: Niedozwolone rozszerzenie: ''
2026-06-15 11:53:29 | DEBUG    | client.main              | Stan klienta: TRANSFERRING → AUTHENTICATED
2026-06-15 11:53:34 | ERROR    | client.transfer          | Plik '[B[B[B' nie istnieje.
2026-06-15 11:53:52 | INFO     | client.transfer          | Przygotowano plik 'dow.txt' do wysłania | rozmiar: 16B, fragmenty: 1, checksum: fb258fd3...
2026-06-15 11:53:52 | DEBUG    | client.main              | Stan klienta: AUTHENTICATED → TRANSFERRING
2026-06-15 11:53:52 | INFO     | client.main              | Inicjowanie wysyłania pliku 'dow.txt' (16B)...
2026-06-15 11:53:52 | DEBUG    | client.protocol          | → UPLOAD_START | msg_id=52eed17d...
2026-06-15 11:53:52 | DEBUG    | client.protocol          | ← ACK | msg_id=efaf14da...
2026-06-15 11:53:52 | INFO     | client.main              | Wysyłanie fragmentu 1/1...
2026-06-15 11:53:52 | DEBUG    | client.protocol          | → UPLOAD_CHUNK | msg_id=b2d875ce...
2026-06-15 11:53:52 | DEBUG    | client.protocol          | ← ACK | msg_id=847db2d8...
2026-06-15 11:53:52 | INFO     | client.main              | Finalizowanie wysyłania pliku na serwerze...
2026-06-15 11:53:52 | DEBUG    | client.protocol          | → UPLOAD_END | msg_id=c594720d...
2026-06-15 11:53:52 | DEBUG    | client.protocol          | ← ACK | msg_id=0ffe8157...
2026-06-15 11:53:52 | INFO     | client.main              | Wysyłanie pliku 'dow.txt' zakończone pomyślnie!
2026-06-15 11:53:52 | DEBUG    | client.main              | Stan klienta: TRANSFERRING → AUTHENTICATED
2026-06-15 11:53:55 | DEBUG    | client.protocol          | → LIST_REQUEST | msg_id=4a97a401...
2026-06-15 11:53:55 | DEBUG    | client.protocol          | ← LIST_RESPONSE | msg_id=e9265eeb...
2026-06-15 11:53:57 | DEBUG    | client.main              | Wysyłanie PING...
2026-06-15 11:53:57 | DEBUG    | client.protocol          | → PING | msg_id=0eadbba4...
2026-06-15 11:53:57 | DEBUG    | client.protocol          | ← PONG | msg_id=f135bddb...
2026-06-15 11:53:57 | DEBUG    | client.main              | Odebrano PONG (Keep-alive).
2026-06-15 11:53:59 | INFO     | client.main              | Wylogowywanie (wysyłanie BYE)...
2026-06-15 11:53:59 | DEBUG    | client.protocol          | → BYE | msg_id=63e2ec6a...
2026-06-15 11:53:59 | DEBUG    | client.protocol          | ← ACK | msg_id=dd4008cc...
2026-06-15 11:53:59 | DEBUG    | client.main              | Stan klienta: AUTHENTICATED → CLOSED
2026-06-15 11:53:59 | DEBUG    | client.main              | Stan klienta: CLOSED → DISCONNECTED
2026-06-15 11:53:59 | INFO     | client.main              | Rozłączono z serwerem.
2026-06-15 11:53:59 | DEBUG    | client.main              | Wątek odbiorcy zakończony.
2026-06-15 20:10:08 | INFO     | client.main              | Nawiązywanie połączenia TLS z 127.0.0.1:9999...
2026-06-15 20:10:08 | DEBUG    | client.main              | Wątek odbiorcy uruchomiony.
2026-06-15 20:10:08 | INFO     | client.main              | Połączenie sieciowe nawiązane. Rozpoczynanie uścisku dłoni (HELLO)...
2026-06-15 20:10:08 | DEBUG    | client.protocol          | → HELLO | msg_id=68802b28...
2026-06-15 20:10:08 | DEBUG    | client.protocol          | ← ACK | msg_id=ddae8731...
2026-06-15 20:10:08 | DEBUG    | client.main              | Stan klienta: DISCONNECTED → CONNECTED
2026-06-15 20:10:08 | INFO     | client.main              | Uścisk dłoni (HELLO) zakończony pomyślnie.
2026-06-15 20:10:08 | INFO     | client.main              | Logowanie użytkownika 'alice'...
2026-06-15 20:10:08 | DEBUG    | client.protocol          | → AUTH | msg_id=c8dfec11...
2026-06-15 20:10:08 | DEBUG    | client.protocol          | ← AUTH_OK | msg_id=2dbba139...
2026-06-15 20:10:08 | DEBUG    | client.main              | Stan klienta: CONNECTED → AUTHENTICATED
2026-06-15 20:10:08 | INFO     | client.main              | Zalogowano pomyślnie! ID sesji: APxy0seo9E6E...
2026-06-15 20:10:08 | DEBUG    | client.main              | Wątek keep-alive uruchomiony.
2026-06-15 20:10:28 | INFO     | client.transfer          | Przygotowano plik 'notatka.txt' do wysłania | rozmiar: 26B, fragmenty: 1, checksum: ff1730aa...
2026-06-15 20:10:28 | DEBUG    | client.main              | Stan klienta: AUTHENTICATED → TRANSFERRING
2026-06-15 20:10:28 | INFO     | client.main              | Inicjowanie wysyłania pliku 'notatka.txt' (26B)...
2026-06-15 20:10:28 | DEBUG    | client.protocol          | → UPLOAD_START | msg_id=239d3306...
2026-06-15 20:10:28 | DEBUG    | client.protocol          | ← ACK | msg_id=9e825b7d...
2026-06-15 20:10:28 | INFO     | client.main              | Wysyłanie fragmentu 1/1...
2026-06-15 20:10:28 | DEBUG    | client.protocol          | → UPLOAD_CHUNK | msg_id=595d64ab...
2026-06-15 20:10:28 | DEBUG    | client.protocol          | ← ACK | msg_id=08125d32...
2026-06-15 20:10:28 | INFO     | client.main              | Finalizowanie wysyłania pliku na serwerze...
2026-06-15 20:10:28 | DEBUG    | client.protocol          | → UPLOAD_END | msg_id=42193869...
2026-06-15 20:10:28 | DEBUG    | client.protocol          | ← ACK | msg_id=ebc0c217...
2026-06-15 20:10:28 | INFO     | client.main              | Wysyłanie pliku 'notatka.txt' zakończone pomyślnie!
2026-06-15 20:10:28 | DEBUG    | client.main              | Stan klienta: TRANSFERRING → AUTHENTICATED
2026-06-15 20:10:38 | DEBUG    | client.main              | Wysyłanie PING...
2026-06-15 20:10:38 | DEBUG    | client.protocol          | → PING | msg_id=01e9579d...
2026-06-15 20:10:38 | DEBUG    | client.protocol          | ← PONG | msg_id=9d8727a5...
2026-06-15 20:10:38 | DEBUG    | client.main              | Odebrano PONG (Keep-alive).
2026-06-15 20:11:03 | INFO     | client.transfer          | Przygotowano plik 'notatka.txt' do wysłania | rozmiar: 26B, fragmenty: 1, checksum: ff1730aa...
2026-06-15 20:11:03 | DEBUG    | client.main              | Stan klienta: AUTHENTICATED → TRANSFERRING
2026-06-15 20:11:03 | INFO     | client.main              | Inicjowanie wysyłania pliku 'notatka.txt' (26B)...
2026-06-15 20:11:03 | DEBUG    | client.protocol          | → UPLOAD_START | msg_id=51bd0c47...
2026-06-15 20:11:03 | DEBUG    | client.protocol          | ← ACK | msg_id=865da14d...
2026-06-15 20:11:03 | INFO     | client.main              | Wysyłanie fragmentu 1/1...
2026-06-15 20:11:03 | DEBUG    | client.protocol          | → UPLOAD_CHUNK | msg_id=d2fd56cb...
2026-06-15 20:11:03 | DEBUG    | client.protocol          | ← ACK | msg_id=a6fb3899...
2026-06-15 20:11:03 | INFO     | client.main              | Finalizowanie wysyłania pliku na serwerze...
2026-06-15 20:11:03 | DEBUG    | client.protocol          | → UPLOAD_END | msg_id=1ca0e1b5...
2026-06-15 20:11:03 | DEBUG    | client.protocol          | ← ACK | msg_id=a937c6b8...
2026-06-15 20:11:03 | INFO     | client.main              | Wysyłanie pliku 'notatka.txt' zakończone pomyślnie!
2026-06-15 20:11:03 | DEBUG    | client.main              | Stan klienta: TRANSFERRING → AUTHENTICATED
2026-06-15 20:11:08 | DEBUG    | client.main              | Wysyłanie PING...
2026-06-15 20:11:08 | DEBUG    | client.protocol          | → PING | msg_id=a7d331a0...
2026-06-15 20:11:08 | DEBUG    | client.protocol          | ← PONG | msg_id=8503311f...
2026-06-15 20:11:08 | DEBUG    | client.main              | Odebrano PONG (Keep-alive).
2026-06-15 20:11:32 | DEBUG    | client.protocol          | → LIST_REQUEST | msg_id=b4afcf26...
2026-06-15 20:11:32 | DEBUG    | client.protocol          | ← LIST_RESPONSE | msg_id=5e6584ce...
2026-06-15 20:11:38 | DEBUG    | client.main              | Wysyłanie PING...
2026-06-15 20:11:38 | DEBUG    | client.protocol          | → PING | msg_id=db8e6e79...
2026-06-15 20:11:38 | DEBUG    | client.protocol          | ← PONG | msg_id=e337a6a6...
2026-06-15 20:11:38 | DEBUG    | client.main              | Odebrano PONG (Keep-alive).
2026-06-15 20:11:55 | DEBUG    | client.main              | Stan klienta: AUTHENTICATED → TRANSFERRING
2026-06-15 20:11:55 | INFO     | client.main              | Wysyłanie żądania pobrania pliku 'notatka.txt'...
2026-06-15 20:11:55 | DEBUG    | client.protocol          | → DOWNLOAD_REQUEST | msg_id=cd79b919...
2026-06-15 20:11:55 | DEBUG    | client.protocol          | ← DOWNLOAD_CHUNK | msg_id=15a58136...
2026-06-15 20:11:55 | DEBUG    | client.protocol          | → ACK | msg_id=c6a0d0ba...
2026-06-15 20:11:55 | INFO     | client.main              | Oczekiwanie na pobranie wszystkich fragmentów pliku...
2026-06-15 20:11:55 | INFO     | client.transfer          | Plik 'notatka.txt' został zapisany pomyślnie w '/Users/bartek/Desktop/zapisane/notatka.txt'
2026-06-15 20:11:55 | INFO     | client.main              | Pobieranie pliku 'notatka.txt' zakończone pomyślnie!
2026-06-15 20:11:55 | DEBUG    | client.main              | Stan klienta: TRANSFERRING → AUTHENTICATED
2026-06-15 20:12:08 | DEBUG    | client.main              | Wysyłanie PING...
2026-06-15 20:12:08 | DEBUG    | client.protocol          | → PING | msg_id=59036546...
2026-06-15 20:12:08 | DEBUG    | client.protocol          | ← PONG | msg_id=5dcd051c...
2026-06-15 20:12:08 | DEBUG    | client.main              | Odebrano PONG (Keep-alive).
2026-06-15 20:12:32 | INFO     | client.main              | Połączenie zamknięte przez serwer.
2026-06-15 20:12:32 | DEBUG    | client.main              | Stan klienta: AUTHENTICATED → CLOSED
2026-06-15 20:12:32 | DEBUG    | client.main              | Stan klienta: CLOSED → DISCONNECTED
2026-06-15 20:12:32 | INFO     | client.main              | Rozłączono z serwerem.
2026-06-15 20:12:32 | DEBUG    | client.main              | Wątek odbiorcy zakończony.
2026-06-15 20:12:38 | DEBUG    | client.main              | Wątek keep-alive zakończony.
2026-06-15 20:12:46 | DEBUG    | client.main              | Stan klienta: DISCONNECTED → CLOSED
2026-06-15 20:12:46 | DEBUG    | client.main              | Stan klienta: CLOSED → DISCONNECTED
2026-06-15 20:12:46 | INFO     | client.main              | Rozłączono z serwerem.
2026-06-17 16:56:46 | INFO     | client.main              | Nawiązywanie połączenia TLS z 127.0.0.1:9999...
2026-06-17 16:56:46 | DEBUG    | client.main              | Wątek odbiorcy uruchomiony.
2026-06-17 16:56:46 | INFO     | client.main              | Połączenie sieciowe nawiązane. Rozpoczynanie uścisku dłoni (HELLO)...
2026-06-17 16:56:46 | DEBUG    | client.protocol          | → HELLO | msg_id=3dd41e69...
2026-06-17 16:56:46 | DEBUG    | client.protocol          | ← ACK | msg_id=6364b73f...
2026-06-17 16:56:46 | DEBUG    | client.main              | Stan klienta: DISCONNECTED → CONNECTED
2026-06-17 16:56:46 | INFO     | client.main              | Uścisk dłoni (HELLO) zakończony pomyślnie.
2026-06-17 16:56:46 | INFO     | client.main              | Logowanie użytkownika 'alice'...
2026-06-17 16:56:46 | DEBUG    | client.protocol          | → AUTH | msg_id=e3aef65e...
2026-06-17 16:56:46 | DEBUG    | client.protocol          | ← AUTH_OK | msg_id=8f2cbe5f...
2026-06-17 16:56:46 | DEBUG    | client.main              | Stan klienta: CONNECTED → AUTHENTICATED
2026-06-17 16:56:46 | INFO     | client.main              | Zalogowano pomyślnie! ID sesji: MYp5YARBiMS0...
2026-06-17 16:56:46 | DEBUG    | client.main              | Wątek keep-alive uruchomiony.
2026-06-17 16:56:54 | INFO     | client.main              | Wylogowywanie (wysyłanie BYE)...
2026-06-17 16:56:54 | DEBUG    | client.protocol          | → BYE | msg_id=ec10c9fb...
2026-06-17 16:56:54 | DEBUG    | client.protocol          | ← ACK | msg_id=7a4b49c3...
2026-06-17 16:56:54 | DEBUG    | client.main              | Stan klienta: AUTHENTICATED → CLOSED
2026-06-17 16:56:54 | DEBUG    | client.main              | Stan klienta: CLOSED → DISCONNECTED
2026-06-17 16:56:54 | INFO     | client.main              | Rozłączono z serwerem.
2026-06-17 16:56:54 | INFO     | client.main              | Połączenie zamknięte przez serwer.
2026-06-17 16:56:54 | DEBUG    | client.main              | Wątek odbiorcy zakończony.
2026-06-17 17:01:59 | INFO     | client.main              | Nawiązywanie połączenia TLS z 127.0.0.1:9999...
2026-06-17 17:01:59 | DEBUG    | client.main              | Wątek odbiorcy uruchomiony.
2026-06-17 17:01:59 | INFO     | client.main              | Połączenie sieciowe nawiązane. Rozpoczynanie uścisku dłoni (HELLO)...
2026-06-17 17:01:59 | DEBUG    | client.protocol          | → HELLO | msg_id=8d96c24e...
2026-06-17 17:01:59 | DEBUG    | client.protocol          | ← ACK | msg_id=ff57acd8...
2026-06-17 17:01:59 | DEBUG    | client.main              | Stan klienta: DISCONNECTED → CONNECTED
2026-06-17 17:01:59 | INFO     | client.main              | Uścisk dłoni (HELLO) zakończony pomyślnie.
2026-06-17 17:01:59 | INFO     | client.main              | Logowanie użytkownika 'alice'...
2026-06-17 17:01:59 | DEBUG    | client.protocol          | → AUTH | msg_id=ea8fa75d...
2026-06-17 17:01:59 | DEBUG    | client.protocol          | ← AUTH_OK | msg_id=4bcd2a73...
2026-06-17 17:01:59 | DEBUG    | client.main              | Stan klienta: CONNECTED → AUTHENTICATED
2026-06-17 17:01:59 | INFO     | client.main              | Zalogowano pomyślnie! ID sesji: LV-4QxFT4aA5...
2026-06-17 17:01:59 | DEBUG    | client.main              | Wątek keep-alive uruchomiony.
2026-06-17 17:02:29 | DEBUG    | client.main              | Wysyłanie PING...
2026-06-17 17:02:29 | DEBUG    | client.protocol          | → PING | msg_id=e9c1a290...
2026-06-17 17:02:29 | DEBUG    | client.protocol          | ← PONG | msg_id=d6770ca8...
2026-06-17 17:02:29 | DEBUG    | client.main              | Odebrano PONG (Keep-alive).
2026-06-17 17:02:59 | DEBUG    | client.main              | Wysyłanie PING...
2026-06-17 17:02:59 | DEBUG    | client.protocol          | → PING | msg_id=cc74706d...
2026-06-17 17:02:59 | DEBUG    | client.protocol          | ← PONG | msg_id=33c08b5e...
2026-06-17 17:02:59 | DEBUG    | client.main              | Odebrano PONG (Keep-alive).
2026-06-17 17:03:18 | INFO     | client.transfer          | Przygotowano plik 'notatka.txt' do wysłania | rozmiar: 20B, fragmenty: 1, checksum: 22d5fad2...
2026-06-17 17:03:18 | DEBUG    | client.main              | Stan klienta: AUTHENTICATED → TRANSFERRING
2026-06-17 17:03:18 | INFO     | client.main              | Inicjowanie wysyłania pliku 'notatka.txt' (20B)...
2026-06-17 17:03:18 | DEBUG    | client.protocol          | → UPLOAD_START | msg_id=9bc2209f...
2026-06-17 17:03:18 | DEBUG    | client.protocol          | ← ACK | msg_id=ce8349f8...
2026-06-17 17:03:18 | INFO     | client.main              | Wysyłanie fragmentu 1/1...
2026-06-17 17:03:18 | DEBUG    | client.protocol          | → UPLOAD_CHUNK | msg_id=f043d3e2...
2026-06-17 17:03:18 | DEBUG    | client.protocol          | ← ACK | msg_id=79df2a26...
2026-06-17 17:03:18 | INFO     | client.main              | Finalizowanie wysyłania pliku na serwerze...
2026-06-17 17:03:18 | DEBUG    | client.protocol          | → UPLOAD_END | msg_id=8d7f4c01...
2026-06-17 17:03:18 | DEBUG    | client.protocol          | ← ACK | msg_id=e63c0650...
2026-06-17 17:03:18 | INFO     | client.main              | Wysyłanie pliku 'notatka.txt' zakończone pomyślnie!
2026-06-17 17:03:18 | DEBUG    | client.main              | Stan klienta: TRANSFERRING → AUTHENTICATED
2026-06-17 17:03:29 | DEBUG    | client.main              | Wysyłanie PING...
2026-06-17 17:03:29 | DEBUG    | client.protocol          | → PING | msg_id=bf321938...
2026-06-17 17:03:29 | DEBUG    | client.protocol          | ← PONG | msg_id=4c2bafe4...
2026-06-17 17:03:29 | DEBUG    | client.main              | Odebrano PONG (Keep-alive).
2026-06-17 17:03:59 | DEBUG    | client.main              | Wysyłanie PING...
2026-06-17 17:03:59 | DEBUG    | client.protocol          | → PING | msg_id=622c3834...
2026-06-17 17:03:59 | DEBUG    | client.protocol          | ← PONG | msg_id=69dc1daa...
2026-06-17 17:03:59 | DEBUG    | client.main              | Odebrano PONG (Keep-alive).
2026-06-17 17:04:29 | DEBUG    | client.main              | Wysyłanie PING...
2026-06-17 17:04:29 | DEBUG    | client.protocol          | → PING | msg_id=42fa87b8...
2026-06-17 17:04:29 | DEBUG    | client.protocol          | ← PONG | msg_id=cd12b1a3...
2026-06-17 17:04:29 | DEBUG    | client.main              | Odebrano PONG (Keep-alive).
2026-06-17 17:04:35 | DEBUG    | client.protocol          | → LIST_REQUEST | msg_id=254bb125...
2026-06-17 17:04:35 | DEBUG    | client.protocol          | ← LIST_RESPONSE | msg_id=83969eff...
2026-06-17 17:04:59 | DEBUG    | client.main              | Wysyłanie PING...
2026-06-17 17:04:59 | DEBUG    | client.protocol          | → PING | msg_id=03319c71...
2026-06-17 17:04:59 | DEBUG    | client.protocol          | ← PONG | msg_id=096624e0...
2026-06-17 17:04:59 | DEBUG    | client.main              | Odebrano PONG (Keep-alive).
2026-06-17 17:05:06 | DEBUG    | client.main              | Stan klienta: AUTHENTICATED → TRANSFERRING
2026-06-17 17:05:06 | INFO     | client.main              | Wysyłanie żądania pobrania pliku 'przyklad.txt'...
2026-06-17 17:05:06 | DEBUG    | client.protocol          | → DOWNLOAD_REQUEST | msg_id=25319106...
2026-06-17 17:05:06 | DEBUG    | client.protocol          | ← DOWNLOAD_CHUNK | msg_id=3eb0cdd4...
2026-06-17 17:05:06 | DEBUG    | client.protocol          | → ACK | msg_id=0becdd83...
2026-06-17 17:05:06 | INFO     | client.main              | Oczekiwanie na pobranie wszystkich fragmentów pliku...
2026-06-17 17:05:06 | INFO     | client.transfer          | Plik 'przyklad.txt' został zapisany pomyślnie w '/Users/bartek/Desktop/zapisane/przyklad.txt'
2026-06-17 17:05:06 | INFO     | client.main              | Pobieranie pliku 'przyklad.txt' zakończone pomyślnie!
2026-06-17 17:05:06 | DEBUG    | client.main              | Stan klienta: TRANSFERRING → AUTHENTICATED
2026-06-17 17:05:29 | DEBUG    | client.main              | Wysyłanie PING...
2026-06-17 17:05:29 | DEBUG    | client.protocol          | → PING | msg_id=ee3ac4d9...
2026-06-17 17:05:29 | DEBUG    | client.protocol          | ← PONG | msg_id=57f0dda9...
2026-06-17 17:05:29 | DEBUG    | client.main              | Odebrano PONG (Keep-alive).
2026-06-17 17:05:59 | DEBUG    | client.main              | Wysyłanie PING...
2026-06-17 17:05:59 | DEBUG    | client.protocol          | → PING | msg_id=9642bd77...
2026-06-17 17:05:59 | DEBUG    | client.protocol          | ← PONG | msg_id=edda6d83...
2026-06-17 17:05:59 | DEBUG    | client.main              | Odebrano PONG (Keep-alive).
2026-06-17 17:06:29 | DEBUG    | client.main              | Wysyłanie PING...
2026-06-17 17:06:29 | DEBUG    | client.protocol          | → PING | msg_id=69eb5400...
2026-06-17 17:06:29 | DEBUG    | client.protocol          | ← PONG | msg_id=bf7b1912...
2026-06-17 17:06:29 | DEBUG    | client.main              | Odebrano PONG (Keep-alive).
2026-06-17 17:06:59 | DEBUG    | client.main              | Wysyłanie PING...
2026-06-17 17:06:59 | DEBUG    | client.protocol          | → PING | msg_id=2d65dbca...
2026-06-17 17:06:59 | DEBUG    | client.protocol          | ← PONG | msg_id=4ccbfbfa...
2026-06-17 17:06:59 | DEBUG    | client.main              | Odebrano PONG (Keep-alive).
2026-06-17 17:07:29 | DEBUG    | client.main              | Wysyłanie PING...
2026-06-17 17:07:29 | DEBUG    | client.protocol          | → PING | msg_id=c17e4270...
2026-06-17 17:07:29 | DEBUG    | client.protocol          | ← PONG | msg_id=879a8d41...
2026-06-17 17:07:29 | DEBUG    | client.main              | Odebrano PONG (Keep-alive).
2026-06-17 17:07:59 | DEBUG    | client.main              | Wysyłanie PING...
2026-06-17 17:07:59 | DEBUG    | client.protocol          | → PING | msg_id=fcf35b7b...
2026-06-17 17:07:59 | DEBUG    | client.protocol          | ← PONG | msg_id=10538c46...
2026-06-17 17:07:59 | DEBUG    | client.main              | Odebrano PONG (Keep-alive).
2026-06-17 17:08:29 | DEBUG    | client.main              | Wysyłanie PING...
2026-06-17 17:08:29 | DEBUG    | client.protocol          | → PING | msg_id=65d690ea...
2026-06-17 17:08:29 | DEBUG    | client.protocol          | ← PONG | msg_id=438ea57b...
2026-06-17 17:08:29 | DEBUG    | client.main              | Odebrano PONG (Keep-alive).
