2026-06-01 11:48:55 | WARNING  | server.auth              | Plik users.json nie istnieje, tworzę pusty.
2026-06-01 11:48:55 | INFO     | server.auth              | Zarejestrowano użytkownika: 'alice'
2026-06-01 11:49:14 | INFO     | server.transfer          | Storage zainicjalizowany: /Users/bartek/Desktop/SecureShare/uploads
2026-06-01 11:49:14 | INFO     | server.main              | Watchdog uruchomiony
2026-06-01 11:49:14 | INFO     | server.main              | Serwer nasłuchuje na 127.0.0.1:9999 (TLS)
2026-06-01 11:49:14 | INFO     | server.main              | Aktywni użytkownicy: 0 | MAX_FILE=50MB | TIMEOUT=5s
2026-06-01 11:50:33 | INFO     | server.main              | Nowe połączenie | id=5e41e0f6-669 | addr=127.0.0.1:63595
2026-06-01 11:50:33 | DEBUG    | server.protocol          | [5e41e0f6-669] ← HELLO | msg_id=decd0e54…
2026-06-01 11:50:33 | INFO     | server.protocol          | [5e41e0f6-669] HELLO | client_version=1.0
2026-06-01 11:50:33 | DEBUG    | server.main              | [5e41e0f6-669] Stan: DISCONNECTED → CONNECTED
2026-06-01 11:50:33 | DEBUG    | server.protocol          | [5e41e0f6-669] ← AUTH | msg_id=a7f00186…
2026-06-01 11:50:33 | INFO     | server.auth              | Zalogowano użytkownika 'alice' | session=ZXIrLAGQTDSt…
2026-06-01 11:50:33 | DEBUG    | server.main              | [5e41e0f6-669] Stan: CONNECTED → AUTHENTICATED
2026-06-01 11:50:33 | INFO     | server.protocol          | [5e41e0f6-669] AUTH OK | user='alice' | session=ZXIrLAGQTDSt…
2026-06-01 11:50:33 | DEBUG    | server.protocol          | [5e41e0f6-669] ← PING | msg_id=db2c0c74…
2026-06-01 11:50:33 | WARNING  | server.protocol          | [5e41e0f6-669] Nieprawidłowy HMAC | type=PING
2026-06-01 11:50:33 | WARNING  | server.protocol          | [5e41e0f6-669] ERROR 100 → Nieprawidłowy HMAC
2026-06-01 11:50:33 | DEBUG    | server.protocol          | [5e41e0f6-669] ← UPLOAD_START | msg_id=cec8d882…
2026-06-01 11:50:33 | WARNING  | server.protocol          | [5e41e0f6-669] Nieprawidłowy HMAC | type=UPLOAD_START
2026-06-01 11:50:33 | WARNING  | server.protocol          | [5e41e0f6-669] ERROR 100 → Nieprawidłowy HMAC
2026-06-01 11:50:33 | DEBUG    | server.protocol          | [5e41e0f6-669] ← UPLOAD_CHUNK | msg_id=7cd3bc1d…
2026-06-01 11:50:33 | WARNING  | server.protocol          | [5e41e0f6-669] Nieprawidłowy HMAC | type=UPLOAD_CHUNK
2026-06-01 11:50:33 | WARNING  | server.protocol          | [5e41e0f6-669] ERROR 100 → Nieprawidłowy HMAC
2026-06-01 11:50:33 | DEBUG    | server.protocol          | [5e41e0f6-669] ← UPLOAD_END | msg_id=6dca947b…
2026-06-01 11:50:33 | WARNING  | server.protocol          | [5e41e0f6-669] Nieprawidłowy HMAC | type=UPLOAD_END
2026-06-01 11:50:33 | WARNING  | server.protocol          | [5e41e0f6-669] ERROR 100 → Nieprawidłowy HMAC
2026-06-01 11:50:33 | DEBUG    | server.protocol          | [5e41e0f6-669] ← DOWNLOAD_REQUEST | msg_id=5b450918…
2026-06-01 11:50:33 | WARNING  | server.protocol          | [5e41e0f6-669] Nieprawidłowy HMAC | type=DOWNLOAD_REQUEST
2026-06-01 11:50:33 | WARNING  | server.protocol          | [5e41e0f6-669] ERROR 100 → Nieprawidłowy HMAC
2026-06-01 11:50:33 | INFO     | server.main              | [5e41e0f6-669] Klient rozłączył się
2026-06-01 11:50:33 | INFO     | server.auth              | Sesja zakończona | user='alice' | session=ZXIrLAGQTDSt…
2026-06-01 11:50:33 | INFO     | server.main              | Rozłączono | id=5e41e0f6-669 | user=alice | uptime=0.0s
2026-06-01 11:58:20 | INFO     | server.main              | Nowe połączenie | id=f8792e7c-c1d | addr=127.0.0.1:63686
2026-06-01 11:58:20 | DEBUG    | server.protocol          | [f8792e7c-c1d] ← HELLO | msg_id=511f6a73…
2026-06-01 11:58:20 | INFO     | server.protocol          | [f8792e7c-c1d] HELLO | client_version=1.0
2026-06-01 11:58:20 | DEBUG    | server.main              | [f8792e7c-c1d] Stan: DISCONNECTED → CONNECTED
2026-06-01 11:58:20 | DEBUG    | server.protocol          | [f8792e7c-c1d] ← AUTH | msg_id=b6b5b111…
2026-06-01 11:58:20 | INFO     | server.auth              | Zalogowano użytkownika 'alice' | session=XKJ2I3aEj1rz…
2026-06-01 11:58:20 | DEBUG    | server.main              | [f8792e7c-c1d] Stan: CONNECTED → AUTHENTICATED
2026-06-01 11:58:20 | INFO     | server.protocol          | [f8792e7c-c1d] AUTH OK | user='alice' | session=XKJ2I3aEj1rz…
2026-06-01 11:58:20 | DEBUG    | server.protocol          | [f8792e7c-c1d] ← PING | msg_id=a787f62f…
2026-06-01 11:58:20 | WARNING  | server.protocol          | [f8792e7c-c1d] Nieprawidłowy HMAC | type=PING
2026-06-01 11:58:20 | WARNING  | server.protocol          | [f8792e7c-c1d] ERROR 100 → Nieprawidłowy HMAC
2026-06-01 11:58:20 | DEBUG    | server.protocol          | [f8792e7c-c1d] ← UPLOAD_START | msg_id=2ec2bd14…
2026-06-01 11:58:20 | WARNING  | server.protocol          | [f8792e7c-c1d] Nieprawidłowy HMAC | type=UPLOAD_START
2026-06-01 11:58:20 | WARNING  | server.protocol          | [f8792e7c-c1d] ERROR 100 → Nieprawidłowy HMAC
2026-06-01 11:58:20 | DEBUG    | server.protocol          | [f8792e7c-c1d] ← UPLOAD_CHUNK | msg_id=b205b7e7…
2026-06-01 11:58:20 | WARNING  | server.protocol          | [f8792e7c-c1d] Nieprawidłowy HMAC | type=UPLOAD_CHUNK
2026-06-01 11:58:20 | WARNING  | server.protocol          | [f8792e7c-c1d] ERROR 100 → Nieprawidłowy HMAC
2026-06-01 11:58:20 | DEBUG    | server.protocol          | [f8792e7c-c1d] ← UPLOAD_END | msg_id=1d276102…
2026-06-01 11:58:20 | WARNING  | server.protocol          | [f8792e7c-c1d] Nieprawidłowy HMAC | type=UPLOAD_END
2026-06-01 11:58:20 | WARNING  | server.protocol          | [f8792e7c-c1d] ERROR 100 → Nieprawidłowy HMAC
2026-06-01 11:58:20 | DEBUG    | server.protocol          | [f8792e7c-c1d] ← DOWNLOAD_REQUEST | msg_id=805e1c77…
2026-06-01 11:58:20 | WARNING  | server.protocol          | [f8792e7c-c1d] Nieprawidłowy HMAC | type=DOWNLOAD_REQUEST
2026-06-01 11:58:20 | WARNING  | server.protocol          | [f8792e7c-c1d] ERROR 100 → Nieprawidłowy HMAC
2026-06-01 11:58:20 | INFO     | server.main              | [f8792e7c-c1d] Klient rozłączył się
2026-06-01 11:58:20 | INFO     | server.auth              | Sesja zakończona | user='alice' | session=XKJ2I3aEj1rz…
2026-06-01 11:58:20 | INFO     | server.main              | Rozłączono | id=f8792e7c-c1d | user=alice | uptime=0.0s
2026-06-01 12:07:08 | INFO     | server.main              | Zatrzymywanie serwera (Ctrl+C)…
2026-06-01 12:07:08 | INFO     | server.main              | Serwer zatrzymany | obsłużono połączeń aktywnych: 0
2026-06-01 12:07:15 | INFO     | server.transfer          | Storage zainicjalizowany: /Users/bartek/Desktop/SecureShare/uploads
2026-06-01 12:07:15 | INFO     | server.main              | Watchdog uruchomiony
2026-06-01 12:07:15 | INFO     | server.main              | Serwer nasłuchuje na 127.0.0.1:9999 (TLS)
2026-06-01 12:07:15 | INFO     | server.main              | Aktywni użytkownicy: 0 | MAX_FILE=50MB | TIMEOUT=5s
2026-06-01 12:07:21 | INFO     | server.main              | Nowe połączenie | id=003edc4b-e15 | addr=127.0.0.1:63758
2026-06-01 12:07:21 | DEBUG    | server.protocol          | [003edc4b-e15] ← HELLO | msg_id=965d4e26…
2026-06-01 12:07:21 | INFO     | server.protocol          | [003edc4b-e15] HELLO | client_version=1.0
2026-06-01 12:07:21 | DEBUG    | server.main              | [003edc4b-e15] Stan: DISCONNECTED → CONNECTED
2026-06-01 12:07:21 | DEBUG    | server.protocol          | [003edc4b-e15] ← AUTH | msg_id=036cda9c…
2026-06-01 12:07:21 | INFO     | server.auth              | Zalogowano użytkownika 'alice' | session=6H04kY4Zy1Bl…
2026-06-01 12:07:21 | DEBUG    | server.main              | [003edc4b-e15] Stan: CONNECTED → AUTHENTICATED
2026-06-01 12:07:21 | INFO     | server.protocol          | [003edc4b-e15] AUTH OK | user='alice' | session=6H04kY4Zy1Bl…
2026-06-01 12:07:21 | DEBUG    | server.protocol          | [003edc4b-e15] ← PING | msg_id=16eb031f…
2026-06-01 12:07:21 | DEBUG    | server.protocol          | [003edc4b-e15] ← UPLOAD_START | msg_id=01ce388f…
2026-06-01 12:07:21 | INFO     | server.transfer          | Upload start | file='test.txt' | size=41B | user='alice'
2026-06-01 12:07:21 | DEBUG    | server.main              | [003edc4b-e15] Stan: AUTHENTICATED → TRANSFERRING
2026-06-01 12:07:21 | DEBUG    | server.protocol          | [003edc4b-e15] ← UPLOAD_CHUNK | msg_id=0ba47645…
2026-06-01 12:07:21 | DEBUG    | server.transfer          | Upload chunk | file='test.txt' | chunk=0 | size=41B
2026-06-01 12:07:21 | DEBUG    | server.protocol          | [003edc4b-e15] ← UPLOAD_END | msg_id=7deb7ef3…
2026-06-01 12:07:21 | INFO     | server.transfer          | Upload zakończony | file='test.txt' | size=41B | user='alice'
2026-06-01 12:07:21 | DEBUG    | server.main              | [003edc4b-e15] Stan: TRANSFERRING → AUTHENTICATED
2026-06-01 12:07:21 | DEBUG    | server.protocol          | [003edc4b-e15] ← DOWNLOAD_REQUEST | msg_id=28312c71…
2026-06-01 12:07:21 | DEBUG    | server.main              | [003edc4b-e15] Stan: AUTHENTICATED → TRANSFERRING
2026-06-01 12:07:21 | INFO     | server.transfer          | Download przygotowany | file='test.txt' | chunks=1 | size=41B
2026-06-01 12:07:21 | INFO     | server.protocol          | [003edc4b-e15] Download start | file='test.txt' | chunks=1
2026-06-01 12:07:21 | DEBUG    | server.main              | [003edc4b-e15] Stan: TRANSFERRING → AUTHENTICATED
2026-06-01 12:07:21 | INFO     | server.protocol          | [003edc4b-e15] Download zakończony | file='test.txt'
2026-06-01 12:07:21 | DEBUG    | server.protocol          | [003edc4b-e15] ← BYE | msg_id=b1d5c261…
2026-06-01 12:07:21 | INFO     | server.protocol          | [003edc4b-e15] BYE | user='alice'
2026-06-01 12:07:21 | INFO     | server.auth              | Sesja zakończona | user='alice' | session=6H04kY4Zy1Bl…
2026-06-01 12:07:21 | DEBUG    | server.main              | [003edc4b-e15] Stan: AUTHENTICATED → CLOSED
2026-06-01 12:07:21 | INFO     | server.main              | [003edc4b-e15] Stan CLOSED — zamykam połączenie
2026-06-01 12:07:21 | INFO     | server.main              | Rozłączono | id=003edc4b-e15 | user=None | uptime=0.0s
